D:\Microsoft Visual Studio\2022\Community\MSBuild\Microsoft\VC\v170\Microsoft.CppBuild.targets(534,5): warning MSB8028: 中间目录(E:\cs\code\26c++\IssacPlaneFight\obj\Debug\)包含从另一个项目(飞机大战以撒版.vcxproj)共享的文件。   这会导致错误的清除和重新生成行为。
  main.cpp
  level_up_panel.cpp
  passive_items.cpp
  item_registry.cpp
E:\cs\code\26c++\IssacPlaneFight\passive_items.cpp(80,57): error C2039: "k_tear_rate_after_pickup": 不是 "HaemolacriaSystem" 的成员
      E:\cs\code\26c++\IssacPlaneFight\haemolacria.h(13,7):
      参见“HaemolacriaSystem”的声明
  
E:\cs\code\26c++\IssacPlaneFight\passive_items.cpp(80,57): error C2065: “k_tear_rate_after_pickup”: 未声明的标识符
E:\cs\code\26c++\IssacPlaneFight\passive_items.cpp(81,57): error C2039: "k_tear_rate_after_pickup": 不是 "HaemolacriaSystem" 的成员
      E:\cs\code\26c++\IssacPlaneFight\haemolacria.h(13,7):
      参见“HaemolacriaSystem”的声明
  
E:\cs\code\26c++\IssacPlaneFight\passive_items.cpp(81,57): error C2065: “k_tear_rate_after_pickup”: 未声明的标识符
  weapon_synergy_resolver.cpp
  attack_resolver.cpp
  baby_system.cpp
  bullet_factory.cpp
  brimstone_laser.cpp
  player_item.cpp
  item_test_loader.cpp
  parasite_bullet.cpp
  split_laser.cpp
  haemolacria.cpp
  正在生成代码...
