d:\我的软件\planewar_vs_v3.4\obj\release\vc143.pdb
d:\我的软件\planewar_vs_v3.4\obj\release\level_up_panel.obj
d:\我的软件\planewar_vs_v3.4\obj\release\main.obj
d:\我的软件\planewar_vs_v3.4\bin\release\planewar.exe
d:\我的软件\planewar_vs_v3.4\bin\release\planewar.pdb
d:\我的软件\planewar_vs_v3.4\obj\release\planewar.ipdb
d:\我的软件\planewar_vs_v3.4\obj\release\planewar.iobj
e:\cs\code\26c++\issacplanefight\obj\release\level_up_panel.obj
e:\cs\code\26c++\issacplanefight\obj\release\main.obj
e:\cs\code\26c++\issacplanefight\obj\release\planewar.ipdb
e:\cs\code\26c++\issacplanefight\obj\release\planewar.iobj
e:\cs\code\26c++\issacplanefight\obj\release\vc143.pdb
e:\cs\code\26c++\issacplanefight\bin\release\planewar.pdb
e:\cs\code\26c++\issacplanefight\bin\release\planewar.exe
e:\cs\code\26c++\issacplanefight\obj\release\planewar.vcxproj.filelistabsolute.txt
e:\cs\code\26c++\issacplanefight\obj\release\planewar.tlog\cl.command.1.tlog
e:\cs\code\26c++\issacplanefight\obj\release\planewar.tlog\cl.items.tlog
e:\cs\code\26c++\issacplanefight\obj\release\planewar.tlog\cl.read.1.tlog
e:\cs\code\26c++\issacplanefight\obj\release\planewar.tlog\cl.write.1.tlog
e:\cs\code\26c++\issacplanefight\obj\release\planewar.tlog\link.command.1.tlog
e:\cs\code\26c++\issacplanefight\obj\release\planewar.tlog\link.read.1.tlog
e:\cs\code\26c++\issacplanefight\obj\release\planewar.tlog\link.secondary.1.tlog
e:\cs\code\26c++\issacplanefight\obj\release\planewar.tlog\link.write.1.tlog
