  main.cpp
  ui_system.cpp
  正在生成代码...
  PlaneWar.vcxproj -> C:\Users\35354\Desktop\project\IssacPlaneFight\bin\Debug\PlaneWar.exe
  已复制         1 个文件。
  C:\Users\35354\Desktop\project\IssacPlaneFight\gfx\items\八寸钉.png
  C:\Users\35354\Desktop\project\IssacPlaneFight\gfx\items\冰块宝宝.png
  C:\Users\35354\Desktop\project\IssacPlaneFight\gfx\items\寻友护符.png
  C:\Users\35354\Desktop\project\IssacPlaneFight\gfx\items\玻璃渣.png
  C:\Users\35354\Desktop\project\IssacPlaneFight\gfx\items\糖心.png
  C:\Users\35354\Desktop\project\IssacPlaneFight\gfx\items\背叛.png
  C:\Users\35354\Desktop\project\IssacPlaneFight\gfx\player\0.png
  C:\Users\35354\Desktop\project\IssacPlaneFight\gfx\player\1.png
  C:\Users\35354\Desktop\project\IssacPlaneFight\gfx\player\2.png
  C:\Users\35354\Desktop\project\IssacPlaneFight\gfx\player\3.png
  C:\Users\35354\Desktop\project\IssacPlaneFight\gfx\player\4.png
  C:\Users\35354\Desktop\project\IssacPlaneFight\gfx\player\5.png
  C:\Users\35354\Desktop\project\IssacPlaneFight\gfx\rooms\room-1.png
  C:\Users\35354\Desktop\project\IssacPlaneFight\gfx\rooms\room-2.png
  C:\Users\35354\Desktop\project\IssacPlaneFight\gfx\rooms\room-3.png
  C:\Users\35354\Desktop\project\IssacPlaneFight\gfx\rooms\room-4.png
  C:\Users\35354\Desktop\project\IssacPlaneFight\gfx\rooms\room-5.png
  C:\Users\35354\Desktop\project\IssacPlaneFight\gfx\tears\basic.png
  C:\Users\35354\Desktop\project\IssacPlaneFight\gfx\tears\bob_rage.png
  C:\Users\35354\Desktop\project\IssacPlaneFight\gfx\tears\brimstone.png
  C:\Users\35354\Desktop\project\IssacPlaneFight\gfx\tears\flame.png
  C:\Users\35354\Desktop\project\IssacPlaneFight\gfx\tears\holy_water.png
  C:\Users\35354\Desktop\project\IssacPlaneFight\gfx\tears\moms_knife.png
  C:\Users\35354\Desktop\project\IssacPlaneFight\gfx\tears\rockets.png
  C:\Users\35354\Desktop\project\IssacPlaneFight\gfx\tears\tech_x.png
  C:\Users\35354\Desktop\project\IssacPlaneFight\gfx\tears\toxic.png
  C:\Users\35354\Desktop\project\IssacPlaneFight\gfx\ui\宝箱0.png
  C:\Users\35354\Desktop\project\IssacPlaneFight\gfx\ui\宝箱1.png
  C:\Users\35354\Desktop\project\IssacPlaneFight\gfx\ui\等待界面.jpg
  C:\Users\35354\Desktop\project\IssacPlaneFight\gfx\ui\选择角色界面.jpg
  复制了 30 个文件
